
> otak-proxy@2.0.0 pretest
> npm run compile && npm run lint


> otak-proxy@2.0.0 compile
> tsc -p ./ && node -e "require('fs').cpSync('src/i18n/locales', 'out/i18n/locales', {recursive: true})"

src/test/property-test-example.test.ts(14,5): error TS2305: Module '"./helpers"' has no exported member 'containsShellMetacharacters'.
src/test/property-test-example.test.ts(15,5): error TS2305: Module '"./helpers"' has no exported member 'extractPassword'.
src/test/property-test-example.test.ts(16,5): error TS2305: Module '"./helpers"' has no exported member 'hasValidProtocol'.
